
Memory Configuration

Name             Origin             Length             Attributes
*default*        0x00000000         0xffffffff

Linker script and memory map

LOAD /tmp/ccMyasaR.o
                0x00008000                PROVIDE (__executable_start, 0x8000)
                0x00008000                . = 0x8000

.interp
 *(.interp)

.hash
 *(.hash)

.dynsym
 *(.dynsym)

.dynstr
 *(.dynstr)

.gnu.version
 *(.gnu.version)

.gnu.version_d
 *(.gnu.version_d)

.gnu.version_r
 *(.gnu.version_r)

.rel.dyn
 *(.rel.init)
 *(.rel.text .rel.text.* .rel.gnu.linkonce.t.*)
 *(.rel.fini)
 *(.rel.rodata .rel.rodata.* .rel.gnu.linkonce.r.*)
 *(.rel.data .rel.data.* .rel.gnu.linkonce.d.*)
 *(.rel.tdata .rel.tdata.* .rel.gnu.linkonce.td.*)
 *(.rel.tbss .rel.tbss.* .rel.gnu.linkonce.tb.*)
 *(.rel.ctors)
 *(.rel.dtors)
 *(.rel.got)
 *(.rel.bss .rel.bss.* .rel.gnu.linkonce.b.*)

.rela.dyn
 *(.rela.init)
 *(.rela.text .rela.text.* .rela.gnu.linkonce.t.*)
 *(.rela.fini)
 *(.rela.rodata .rela.rodata.* .rela.gnu.linkonce.r.*)
 *(.rela.data .rela.data.* .rela.gnu.linkonce.d.*)
 *(.rela.tdata .rela.tdata.* .rela.gnu.linkonce.td.*)
 *(.rela.tbss .rela.tbss.* .rela.gnu.linkonce.tb.*)
 *(.rela.ctors)
 *(.rela.dtors)
 *(.rela.got)
 *(.rela.bss .rela.bss.* .rela.gnu.linkonce.b.*)

.rel.plt
 *(.rel.plt)

.rela.plt
 *(.rela.plt)

.init
 *(.init)

.plt
 *(.plt)

.text           0x00008000       0x6c
 *(.text .stub .text.* .gnu.linkonce.t.*)
 .text          0x00008000       0x6c /tmp/ccMyasaR.o
                0x00008000                _start
 *(.gnu.warning)
 *(.glue_7t)
 *(.glue_7)

.fini
 *(.fini)
                0x0000806c                PROVIDE (__etext, .)
                0x0000806c                PROVIDE (_etext, .)
                0x0000806c                PROVIDE (etext, .)

.rodata
 *(.rodata .rodata.* .gnu.linkonce.r.*)

.rodata1
 *(.rodata1)

.eh_frame_hdr
 *(.eh_frame_hdr)
                0x0000816c                . = (ALIGN (0x100) + (. & 0xff))
                0x0000816c                . = ALIGN (0x4)
                0x0000816c                PROVIDE (__preinit_array_start, .)

.preinit_array
 *(.preinit_array)
                0x0000816c                PROVIDE (__preinit_array_end, .)
                0x0000816c                PROVIDE (__init_array_start, .)

.init_array
 *(.init_array)
                0x0000816c                PROVIDE (__init_array_end, .)
                0x0000816c                PROVIDE (__fini_array_start, .)

.fini_array
 *(.fini_array)
                0x0000816c                PROVIDE (__fini_array_end, .)

.data           0x0000816c        0x0
                0x0000816c                __data_start = .
 *(.data .data.* .gnu.linkonce.d.*)

.data1
 *(.data1)

.tdata
 *(.tdata .tdata.* .gnu.linkonce.td.*)

.tbss
 *(.tbss .tbss.* .gnu.linkonce.tb.*)
 *(.tcommon)

.eh_frame
 *(.eh_frame)

.gcc_except_table
 *(.gcc_except_table)

.dynamic
 *(.dynamic)

.ctors
 *crtbegin*.o(.ctors)
 *(EXCLUDE_FILE(*crtend*.o) .ctors)
 *(SORT(.ctors.*))
 *(.ctors)

.dtors
 *crtbegin*.o(.dtors)
 *(EXCLUDE_FILE(*crtend*.o) .dtors)
 *(SORT(.dtors.*))
 *(.dtors)

.jcr
 *(.jcr)

.got
 *(.got.plt)
 *(.got)
                0x0000816c                _edata = .
                0x0000816c                PROVIDE (edata, .)
                0x0000816c                __bss_start = .
                0x0000816c                __bss_start__ = .

.bss            0x0000816c        0x0
 *(.dynbss)
 *(.bss .bss.* .gnu.linkonce.b.*)
 *(COMMON)
                0x0000816c                . = ALIGN (0x4)
                0x0000816c                . = ALIGN (0x4)
                0x0000816c                _end = .
                0x0000816c                _bss_end__ = .
                0x0000816c                __bss_end__ = .
                0x0000816c                __end__ = .
                0x0000816c                PROVIDE (end, .)

.stab
 *(.stab)

.stabstr
 *(.stabstr)

.stab.excl
 *(.stab.excl)

.stab.exclstr
 *(.stab.exclstr)

.stab.index
 *(.stab.index)

.stab.indexstr
 *(.stab.indexstr)

.comment        0x00000000       0x12
 *(.comment)
 .comment       0x00000000       0x12 /tmp/ccMyasaR.o

.debug
 *(.debug)

.line
 *(.line)

.debug_srcinfo
 *(.debug_srcinfo)

.debug_sfnames
 *(.debug_sfnames)

.debug_aranges  0x00000000       0x20
 *(.debug_aranges)
 .debug_aranges
                0x00000000       0x20 /tmp/ccMyasaR.o

.debug_pubnames
                0x00000000       0x1d
 *(.debug_pubnames)
 .debug_pubnames
                0x00000000       0x1d /tmp/ccMyasaR.o

.debug_info     0x00000000      0x136
 *(.debug_info .gnu.linkonce.wi.*)
 .debug_info    0x00000000      0x136 /tmp/ccMyasaR.o

.debug_abbrev   0x00000000       0x57
 *(.debug_abbrev)
 .debug_abbrev  0x00000000       0x57 /tmp/ccMyasaR.o

.debug_line     0x00000000       0x38
 *(.debug_line)
 .debug_line    0x00000000       0x38 /tmp/ccMyasaR.o

.debug_frame    0x00000000       0x30
 *(.debug_frame)
 .debug_frame   0x00000000       0x30 /tmp/ccMyasaR.o

.debug_str      0x00000000       0x12
 *(.debug_str)
 .debug_str     0x00000000       0x12 /tmp/ccMyasaR.o

.debug_loc
 *(.debug_loc)

.debug_macinfo
 *(.debug_macinfo)

.debug_weaknames
 *(.debug_weaknames)

.debug_funcnames
 *(.debug_funcnames)

.debug_typenames
 *(.debug_typenames)

.debug_varnames
 *(.debug_varnames)

.stack          0x00080000        0x0
                0x00080000                _stack = .
 *(.stack)

.note.gnu.arm.ident
 *(.note.gnu.arm.ident)

/DISCARD/
 *(.note.GNU-stack)
OUTPUT(main elf32-littlearm)
